.......FFF.F....................F..F...................FFF......F....... [ 28%]
